// Jest Snapshot v1, https://goo.gl/fbAQLP

exports[`<App /> can render to the DOM 1`] = `
<form
  onSubmit={[Function]}
>
  <input
    name="address"
    onChange={[Function]}
    placeholder="API url link ..."
    type="text"
  />
  <div
    className="buttons"
  >
    <button
      onClick={[Function]}
      value="get"
    >
      Get
    </button>
    <button
      onClick={[Function]}
      value="post"
    >
      Post
    </button>
    <button
      onClick={[Function]}
      value="put"
    >
      Put
    </button>
    <button
      onClick={[Function]}
      value="patch"
    >
      Patch
    </button>
    <button
      onClick={[Function]}
      value="delete"
    >
      Delete
    </button>
    <button
      className="go"
    >
      Go!
    </button>
  </div>
</form>
`;
